[0]: CREATE TABLE p(PRIMARY KEY(id), id INTEGER, name VARCHAR(10) NOT NULL);
[1]: CREATE TABLE c(PRIMARY KEY(id), id INTEGER, name VARCHAR(10) NOT NULL, GROUPING FOREIGN KEY(pid) REFERENCES p(pid), pid INTEGER);
[2]: CREATE TABLE g(PRIMARY KEY(id), id INTEGER, value DECIMAL(10,2), cid INTEGER, GROUPING FOREIGN KEY(cid) REFERENCES c(cid));