SELECT (ABS(- n)), (~ n), (n MOD 3), SQRT(n), CHAR_LENGTH(s), LENGTH(s), (LEFT(s, 3)), (RIGHT(s, 4)), UPPER(s), LOWER(s), (LOCATE(s, 'abc', 1), (LOCATE(s, 'xyz', 10), (SUBSTRING(s, 10), (SUBSTRING(s, 10, 3), LTRIM(s), (TRIM(TRAILING '!' FROM s), ((s || s) COLLATE en_us_ci), MONTH(d), (TIMESTAMP(d, '13:01:01')), (TIMESTAMPDIFF(DAY, d, CURRENT_TIMESTAMP)), (NEXT VALUE FOR seq), (CURRENT VALUE FOR seq) FROM t