SELECT (DATE('2011-01' || '-01')), (CAST('2011-04-01' AS DATE)), ((CAST('2011-03-01' AS DATE)) + (CAST('2' AS INTERVAL MONTH))), ((CAST('2010-03-01' AS TIMESTAMP)) + (CAST('10-3' AS INTERVAL YEAR TO MONTH))), ((CAST('2011-01-01' AS DATE)) + ((CAST(4 AS INTERVAL DAY)) * 7)), (CAST('1 1:1:1' AS INTERVAL DAY TO SECOND)) FROM dual