org.cratedb.sql.parser.parser.AlterTableNode@7d53ccbe
name: t1
statementType: ALTER TABLE
objectName: t1
compressTable: false
sequential: false
truncateTable: false
purge: false
defragment: false
truncateEndOfTable: false
updateStatistics: false
updateStatisticsAll: false
indexNameForUpdateStatistics: null
tableElementList: 	
	org.cratedb.sql.parser.parser.TableElementList@8a70e3a

	[0]:	
	org.cratedb.sql.parser.parser.ModifyColumnNode@f970646
	type: null
	name: c
	elementType: AT_MODIFY_COLUMN