org.cratedb.sql.parser.parser.AlterTableNode@4dc7f150
name: t1
statementType: ALTER TABLE
objectName: t1
compressTable: false
sequential: false
truncateTable: false
purge: false
defragment: false
truncateEndOfTable: false
updateStatistics: false
updateStatisticsAll: false
indexNameForUpdateStatistics: null
tableElementList: 	
	org.cratedb.sql.parser.parser.TableElementList@1b3e315

	[0]:	
	org.cratedb.sql.parser.parser.ModifyColumnNode@49017892
	type: null
	name: c
	elementType: AT_MODIFY_COLUMN
	default: 		
		org.cratedb.sql.parser.parser.DefaultNode@7f92deaf
		columnName: null
		defaultText: 3
		type: null
		defaultTree:			
			org.cratedb.sql.parser.parser.NumericConstantNode@359f498
			value: 3
			type: INTEGER NOT NULL