org.cratedb.sql.parser.parser.AlterTableNode@53ad085
name: t1
statementType: ALTER TABLE
objectName: t1
compressTable: false
sequential: false
truncateTable: false
purge: false
defragment: false
truncateEndOfTable: false
updateStatistics: true
updateStatisticsAll: false
indexNameForUpdateStatistics: PRIMARY