org.cratedb.sql.parser.parser.AlterTableNode@15fd309
name: t1
statementType: ALTER TABLE
objectName: t1
compressTable: false
sequential: false
truncateTable: false
purge: false
defragment: false
truncateEndOfTable: false
updateStatistics: false
updateStatisticsAll: false
indexNameForUpdateStatistics: null
tableElementList: 	
	org.cratedb.sql.parser.parser.TableElementList@3a17f493

	[0]:	
	org.cratedb.sql.parser.parser.AlterAddIndexNode@7ab9fcb0
	name: idx2
	elementType: AT_ADD_INDEX
	
	existenceCheck: NO_CONDITION
	unique: true
	indexColumnList: 
	methodName: Z_ORDER_LAT_LON
	firstArg: 0
	lastArg: 1
	
	joinType: null
	properties: null
	location: null