org.cratedb.sql.parser.parser.CopyStatementNode@49de17f4
mode: FROM_SUBQUERY
tableName: null
filename: value: /tmp/t12.txt
type: CHAR(12) NOT NULL

format: null
delimiter: null
nullString: null
quote: null
escape: null
encoding: null
commitFrequency: 0
statementType: COPY
subquery: 	
	org.cratedb.sql.parser.parser.SubqueryNode@13f6ba0f
	subqueryType: FROM
	type: null
	resultSet: 		
		org.cratedb.sql.parser.parser.SelectNode@2b313906
		isDistinct: false
		resultColumns: 			
			org.cratedb.sql.parser.parser.ResultColumnList@2c96cf11

			[0]:			
			org.cratedb.sql.parser.parser.AllResultColumn@60f47bf5
			tableName: null
			exposedName: null
			name: null
			tableName: null
			isDefaultColumn: false
			type: null
		fromList: 			
			org.cratedb.sql.parser.parser.FromList@52f6438d

			[0]:			
			org.cratedb.sql.parser.parser.FromBaseTable@25cd0888
			tableName: t1
			updateOrDelete: null
			null
			correlation Name: null
			null
			[1]:			
			org.cratedb.sql.parser.parser.FromBaseTable@37eb2c1b
			tableName: t2
			updateOrDelete: null
			null
			correlation Name: null
			null