org.cratedb.sql.parser.parser.CreateIndexNode@6c81526f
name: text1
statementType: CREATE INDEX
unique: false
indexType: null
indexName: text1
tableName: t1
joinType: null
properties: null
existenceCheck: NO_CONDITION
storageLocation: null
	
	org.cratedb.sql.parser.parser.IndexColumnList@1e4b2d10
	
	methodName: FULL_TEXT
	firstArg: 0
	lastArg: 2
	[0]:	
	org.cratedb.sql.parser.parser.IndexColumn@597b84f9
	columnName: c1
	tableName: null
	ascending
	[1]:	
	org.cratedb.sql.parser.parser.IndexColumn@3c572554
	columnName: c2
	tableName: null
	ascending
	[2]:	
	org.cratedb.sql.parser.parser.IndexColumn@7d53ccbe
	columnName: c3
	tableName: t2
	ascending