org.cratedb.sql.parser.parser.CreateTableNode@1f4384c2
name: t7
statementType: CREATE TABLE
lockGranularity: R
existenceCheck: NO_CONDITION
tableElementList: 	
	org.cratedb.sql.parser.parser.TableElementList@9c0ec97

	[0]:	
	org.cratedb.sql.parser.parser.ConstraintDefinitionNode@58ecb281
	constraintName: null
	constraintType: PRIMARY_KEY
	properties: null
	name: null
	elementType: AT_DROP_CONSTRAINT
	columnList: 		
		org.cratedb.sql.parser.parser.ResultColumnList@1bbb60c3

		[0]:		
		org.cratedb.sql.parser.parser.ResultColumn@2acdb06e
		exposedName: c1
		name: c1
		tableName: null
		isDefaultColumn: false
		type: null
	[1]:	
	org.cratedb.sql.parser.parser.ColumnDefinitionNode@25fa1bb6
	type: INTEGER NOT NULL
	autoIncrementStart: 1
	autoIncrementIncrement: 1
	name: c1
	elementType: null
	default: 		
		org.cratedb.sql.parser.parser.DefaultNode@47315d34
		columnName: null
		defaultText: null
		type: null