org.cratedb.sql.parser.parser.CreateIndexNode@26fd68b1
name: g1
statementType: CREATE INDEX
unique: false
indexName: g1
tableName: group_table
indexMethod: fulltext
indexColumns: 
indexProperties: null
existenceCheck: NO_CONDITION
	
	org.cratedb.sql.parser.parser.IndexColumnList@4c986d3c

	[0]:	
	org.cratedb.sql.parser.parser.IndexColumn@2b2ba56d
	columnName: c1
	tableName: null
	ascending
	[1]:	
	org.cratedb.sql.parser.parser.IndexColumn@3e79ad3f
	columnName: c2
	tableName: null
	ascending
	[2]:	
	org.cratedb.sql.parser.parser.IndexColumn@77827284
	columnName: c3
	tableName: null
	ascending
