org.cratedb.sql.parser.parser.CreateAnalyzerNode@277b65b1
name: schema_name.analyzer_name
statementType: CREATE ANALYZER
	
	org.cratedb.sql.parser.parser.AnalyzerElements@b24acca

	Tokenizer:	
		org.cratedb.sql.parser.parser.NamedNodeWithOptionalProperties@5b420a67
		ultimateThruth
		Properties: 			
			org.cratedb.sql.parser.parser.GenericProperties@4cb91eff
			{answer=value: 42
			type: INTEGER NOT NULL
			}
	TokenFilters:
		org.cratedb.sql.parser.parser.TokenFilterList@5effaa35

	CharFilters:
		org.cratedb.sql.parser.parser.CharFilterList@62ffae4c
