org.cratedb.sql.parser.parser.CreateIndexNode@301e2f11
name: myindex
statementType: CREATE INDEX
unique: false
indexName: myindex
tableName: mytable
indexMethod: fulltext
indexColumns: 
indexProperties: {analyzer=value: myanalyzer
type: CHAR(10) NOT NULL
}
existenceCheck: NO_CONDITION
	
	org.cratedb.sql.parser.parser.IndexColumnList@da41dc5

	[0]:	
	org.cratedb.sql.parser.parser.IndexColumn@119e7782
	columnName: mycolumn
	tableName: mytable
	ascending
