org.cratedb.sql.parser.parser.CreateTableNode@62892cc5
name: t1
statementType: CREATE TABLE
lockGranularity: R
existenceCheck: NO_CONDITION
tableElementList: 	
	org.cratedb.sql.parser.parser.TableElementList@1bda6c0d

	[0]:	
	org.cratedb.sql.parser.parser.ColumnDefinitionNode@20ebd7c4
	type: INTEGER
	name: c1
	elementType: null
	[1]:	
	org.cratedb.sql.parser.parser.ColumnDefinitionNode@5ba295be
	type: DOUBLE
	name: c2
	elementType: null
	[2]:	
	org.cratedb.sql.parser.parser.IndexConstraintDefinitionNode@f151bf2
	constraintName: null
	constraintType: INDEX
	properties: null
	name: null
	elementType: AT_DROP_CONSTRAINT
	
	indexName: indx1
	joinType: null
	location: null
	indexColumnList: 		
		org.cratedb.sql.parser.parser.IndexColumnList@3138554d

		[0]:		
		org.cratedb.sql.parser.parser.IndexColumn@69684b79
		columnName: c1
		tableName: null
		ascending
		[1]:		
		org.cratedb.sql.parser.parser.IndexColumn@3e332aff
		columnName: c2
		tableName: null
		ascending