org.cratedb.sql.parser.parser.CreateAnalyzerNode@154a65f8
name: a5
statementType: CREATE ANALYZER
extends: 	
	org.cratedb.sql.parser.parser.TableName@bf3
	a4
	
	org.cratedb.sql.parser.parser.AnalyzerElements@476c87b3

	Tokenizer: 		
		org.cratedb.sql.parser.parser.NamedNodeWithOptionalProperties@26411d67
		tok
		Properties: 			
			org.cratedb.sql.parser.parser.GenericProperties@7cf168cf
			{tokkey=value: tokvalue
			type: CHAR(8) NOT NULL
			}
	Properties: 		
		org.cratedb.sql.parser.parser.GenericProperties@4d182e1e
		{another_key=value: 123
		type: INTEGER NOT NULL
		, key=value: value
		type: CHAR(5) NOT NULL
		}
	TokenFilters: 		
		org.cratedb.sql.parser.parser.TokenFilterList@6e7bdb1c

	CharFilters: 		
		org.cratedb.sql.parser.parser.CharFilterList@56e43ef

		[0]:		
		org.cratedb.sql.parser.parser.NamedNodeWithOptionalProperties@a2e02b2
		html_strip
		Properties: 			null
