org.cratedb.sql.parser.parser.CreateTableNode@35c0e45a
name: t1
statementType: CREATE TABLE
lockGranularity: R
existenceCheck: IF_NOT_EXISTS
tableElementList: 	
	org.cratedb.sql.parser.parser.TableElementList@acfec48

	[0]:	
	org.cratedb.sql.parser.parser.ConstraintDefinitionNode@58a17083
	constraintName: null
	constraintType: PRIMARY_KEY
	properties: null
	name: null
	elementType: AT_DROP_CONSTRAINT
	columnList: 		
		org.cratedb.sql.parser.parser.ResultColumnList@4ca31e1b

		[0]:		
		org.cratedb.sql.parser.parser.ResultColumn@690da5eb
		exposedName: col1
		name: col1
		tableName: null
		isDefaultColumn: false
		type: null
	[1]:	
	org.cratedb.sql.parser.parser.ColumnDefinitionNode@7f081d2e
	type: INTEGER
	name: col1
	elementType: null