org.cratedb.sql.parser.parser.CreateAnalyzerNode@120b0058
name: a6
statementType: CREATE ANALYZER
	
	org.cratedb.sql.parser.parser.AnalyzerElements@10439aa9

	Tokenizer: 		
		org.cratedb.sql.parser.parser.NamedNodeWithOptionalProperties@465ed596
		tok
		Properties: 			
			org.cratedb.sql.parser.parser.GenericProperties@7c188ef1
			{parameter=number: 0
			type: null
			, valuenodelist=, literal=value: abc
			type: CHAR(3) NOT NULL
			}
	Properties: 		
		org.cratedb.sql.parser.parser.GenericProperties@3050afdd
		{}
	TokenFilters: 		
		org.cratedb.sql.parser.parser.TokenFilterList@149eef3

	CharFilters: 		
		org.cratedb.sql.parser.parser.CharFilterList@1ce6942e
