org.cratedb.sql.parser.parser.CreateTableNode@3593306d
name: t1
statementType: CREATE TABLE
crateProperties: 
{shards=5}
lockGranularity: R
existenceCheck: NO_CONDITION
tableElementList: 	
	org.cratedb.sql.parser.parser.TableElementList@1ab3596b

	[0]:	
	org.cratedb.sql.parser.parser.ColumnDefinitionNode@74b38d7e
	type: INTEGER
	name: c1
	elementType: null