org.cratedb.sql.parser.parser.CreateTableNode@69edfb80
name: t1
statementType: CREATE TABLE
lockGranularity: R
existenceCheck: NO_CONDITION
tableElementList: 	
	org.cratedb.sql.parser.parser.TableElementList@71ac6d5

	[0]:	
	org.cratedb.sql.parser.parser.ObjectColumnDefinitionNode@6ef3cd97
	type: OBJECT
	name: col1
	elementType: null
	objectType: DYNAMIC
	subColumns: 		
		org.cratedb.sql.parser.parser.TableElementList@1648a4ad
