org.cratedb.sql.parser.parser.CreateIndexNode@231ae15a
name: index2
statementType: CREATE INDEX
unique: false
indexName: index2
tableName: table2
indexMethod: FulLteXt
indexColumns: 
indexProperties: {prop2=value: true
type: BOOLEAN NOT NULL
, prop1=value: abc
type: CHAR(3) NOT NULL
, prop3=value: 12
type: INTEGER NOT NULL
, prop4=value: 12.567
type: DECIMAL(5,3) NOT NULL
}
existenceCheck: NO_CONDITION
	
	org.cratedb.sql.parser.parser.IndexColumnList@4db50639

	[0]:	
	org.cratedb.sql.parser.parser.IndexColumn@27abb00a
	columnName: column2
	tableName: table2
	ascending
