org.cratedb.sql.parser.parser.CreateTableNode@707c083e
name: t3
statementType: CREATE TABLE
lockGranularity: R
existenceCheck: NO_CONDITION
tableElementList: 	
	org.cratedb.sql.parser.parser.TableElementList@5f015823

	[0]:	
	org.cratedb.sql.parser.parser.IndexConstraintDefinitionNode@5141928f
	constraintName: null
	constraintType: INDEX
	properties: null
	name: null
	elementType: AT_DROP_CONSTRAINT
	
	indexName: title
	indexOff: true
	indexMethod: null
	indexProperties: null
	[1]:	
	org.cratedb.sql.parser.parser.ColumnDefinitionNode@27fd13f6
	type: string
	name: title
	elementType: null
	[2]:	
	org.cratedb.sql.parser.parser.IndexConstraintDefinitionNode@58298ffc
	constraintName: null
	constraintType: INDEX
	properties: null
	name: null
	elementType: AT_DROP_CONSTRAINT
	
	indexName: content
	indexOff: false
	indexMethod: plain
	indexProperties: null
	indexColumnList: 		
		org.cratedb.sql.parser.parser.IndexColumnList@10ac169c

		[0]:		
		org.cratedb.sql.parser.parser.IndexColumn@12006451
		columnName: content
		tableName: null
		ascending
	[3]:	
	org.cratedb.sql.parser.parser.ColumnDefinitionNode@57ba0b12
	type: string
	name: content
	elementType: null