org.cratedb.sql.parser.parser.CreateTableNode@3e874920
name: t1
statementType: CREATE TABLE
lockGranularity: R
existenceCheck: NO_CONDITION
tableElementList: 	
	org.cratedb.sql.parser.parser.TableElementList@23d1f3f2

	[0]:	
	org.cratedb.sql.parser.parser.ColumnDefinitionNode@2ce6a73d
	type: string
	name: c1
	elementType: null
	[1]:	
	org.cratedb.sql.parser.parser.ColumnDefinitionNode@16692a88
	type: INTEGER
	name: c2
	elementType: null
	[2]:	
	org.cratedb.sql.parser.parser.ColumnDefinitionNode@52675236
	type: long
	name: c3
	elementType: null
	[3]:	
	org.cratedb.sql.parser.parser.ColumnDefinitionNode@7d46817d
	type: DOUBLE
	name: c4
	elementType: null
	[4]:	
	org.cratedb.sql.parser.parser.ColumnDefinitionNode@1fdf75cc
	type: short
	name: c5
	elementType: null
	[5]:	
	org.cratedb.sql.parser.parser.ColumnDefinitionNode@7aeb46d
	type: byte
	name: c6
	elementType: null
	[6]:	
	org.cratedb.sql.parser.parser.ColumnDefinitionNode@5ec7640b
	type: float
	name: c7
	elementType: null
	[7]:	
	org.cratedb.sql.parser.parser.ColumnDefinitionNode@74793ec9
	type: TIMESTAMP
	name: c8
	elementType: null
	[8]:	
	org.cratedb.sql.parser.parser.ColumnDefinitionNode@a8960c5
	type: BOOLEAN
	name: c9
	elementType: null