org.cratedb.sql.parser.parser.CreateTableNode@199836ed
name: t2
statementType: CREATE TABLE
lockGranularity: R
existenceCheck: NO_CONDITION
queryExpression: 	
	org.cratedb.sql.parser.parser.SelectNode@583e0ebb
	isDistinct: false
	resultColumns: 		
		org.cratedb.sql.parser.parser.ResultColumnList@5239443f

		[0]:		
		org.cratedb.sql.parser.parser.AllResultColumn@2dafae45
		tableName: null
		exposedName: null
		name: null
		tableName: null
		isDefaultColumn: false
		type: null
	fromList: 		
		org.cratedb.sql.parser.parser.FromList@68da4b71

		[0]:		
		org.cratedb.sql.parser.parser.FromBaseTable@538f1d7e
		tableName: t1
		updateOrDelete: null
		null
		correlation Name: null
		null
