org.cratedb.sql.parser.parser.CreateIndexNode@68e6ff0d
name: idx1
statementType: CREATE INDEX
unique: false
indexName: idx1
tableName: table1
indexMethod: fulltext
indexColumns: 
indexProperties: null
existenceCheck: IF_NOT_EXISTS
	
	org.cratedb.sql.parser.parser.IndexColumnList@1572e449

	[0]:	
	org.cratedb.sql.parser.parser.IndexColumn@29e97f9f
	columnName: c1
	tableName: null
	ascending
