org.cratedb.sql.parser.parser.CreateAnalyzerNode@796203a7
name: my_analyzer
statementType: CREATE ANALYZER
	
	org.cratedb.sql.parser.parser.AnalyzerElements@7aaae6f

	Tokenizer: 		
		org.cratedb.sql.parser.parser.NamedNodeWithOptionalProperties@600f44fe
		myTokenizer
		Properties: 			
			org.cratedb.sql.parser.parser.GenericProperties@a7ab0f7
			{bla=value: blubb
			type: CHAR(5) NOT NULL
			}
	Properties: 		
		org.cratedb.sql.parser.parser.GenericProperties@7aaae6f
		{}
	TokenFilters: 		
		org.cratedb.sql.parser.parser.TokenFilterList@7cf82d80

	CharFilters: 		
		org.cratedb.sql.parser.parser.CharFilterList@9736e99
