org.cratedb.sql.parser.parser.CreateTableNode@52c05d3b
name: t7
statementType: CREATE TABLE
lockGranularity: R
existenceCheck: NO_CONDITION
tableElementList: 	
	org.cratedb.sql.parser.parser.TableElementList@5328f6ee

	[0]:	
	org.cratedb.sql.parser.parser.ConstraintDefinitionNode@266bade9
	constraintName: null
	constraintType: PRIMARY_KEY
	properties: null
	name: null
	elementType: AT_DROP_CONSTRAINT
	columnList: 		
		org.cratedb.sql.parser.parser.ResultColumnList@6766afb3

		[0]:		
		org.cratedb.sql.parser.parser.ResultColumn@69945ce
		exposedName: c1
		name: c1
		tableName: null
		isDefaultColumn: false
		type: null
	[1]:	
	org.cratedb.sql.parser.parser.ColumnDefinitionNode@38b5dac4
	type: INTEGER NOT NULL
	autoIncrementStart: 1
	autoIncrementIncrement: 0
	name: c1
	elementType: null