org.cratedb.sql.parser.parser.CreateAnalyzerNode@277b65b1
name: schema_name.analyzer_name
statementType: CREATE ANALYZER
	
	org.cratedb.sql.parser.parser.AnalyzerElements@b24acca

	Tokenizer: 		
		org.cratedb.sql.parser.parser.NamedNodeWithOptionalProperties@c325b
		ultimateTruth
		Properties: 			
			org.cratedb.sql.parser.parser.GenericProperties@20bdf463
			{answer=value: 42
			type: INTEGER NOT NULL
			}
	Properties: 		
		org.cratedb.sql.parser.parser.GenericProperties@14cc077d
		{}
	TokenFilters: 		
		org.cratedb.sql.parser.parser.TokenFilterList@16f7a060

	CharFilters: 		
		org.cratedb.sql.parser.parser.CharFilterList@5b420a67
