org.cratedb.sql.parser.parser.CreateTableNode@3aa3a481
name: t4
statementType: CREATE TABLE
lockGranularity: R
existenceCheck: NO_CONDITION
tableElementList: 	
	org.cratedb.sql.parser.parser.TableElementList@4d852f3a

	[0]:	
	org.cratedb.sql.parser.parser.ColumnDefinitionNode@62dfb098
	type: string
	name: title
	elementType: null
	[1]:	
	org.cratedb.sql.parser.parser.ObjectColumnDefinitionNode@4bc2fdde
	type: OBJECT
	name: stuff
	elementType: null
	objectType: DYNAMIC
	subColumns: 		
		org.cratedb.sql.parser.parser.TableElementList@6ea920ad

		[0]:		
		org.cratedb.sql.parser.parser.ColumnDefinitionNode@21a0769d
		type: string
		name: name
		elementType: null
		[1]:		
		org.cratedb.sql.parser.parser.ColumnDefinitionNode@2dcb4eaa
		type: INTEGER
		name: age
		elementType: null
