org.cratedb.sql.parser.parser.CreateTableNode@3603820e
name: t1
statementType: CREATE TABLE
lockGranularity: R
existenceCheck: NO_CONDITION
tableElementList: 	
	org.cratedb.sql.parser.parser.TableElementList@204f80d6

	[0]:	
	org.cratedb.sql.parser.parser.ConstraintDefinitionNode@4393722c
	constraintName: null
	constraintType: PRIMARY_KEY
	properties: null
	name: null
	elementType: AT_DROP_CONSTRAINT
	columnList: 		
		org.cratedb.sql.parser.parser.ResultColumnList@52cc95d

		[0]:		
		org.cratedb.sql.parser.parser.ResultColumn@3f57fb52
		exposedName: c1
		name: c1
		tableName: null
		isDefaultColumn: false
		type: null
	[1]:	
	org.cratedb.sql.parser.parser.ColumnDefinitionNode@2934e4fb
	type: INTEGER
	name: c1
	elementType: null
	[2]:	
	org.cratedb.sql.parser.parser.ColumnDefinitionNode@4fa52fdf
	type: INTEGER NOT NULL
	name: c2
	elementType: null
	[3]:	
	org.cratedb.sql.parser.parser.ConstraintDefinitionNode@65ea0252
	constraintName: null
	constraintType: PRIMARY_KEY
	properties: null
	name: null
	elementType: AT_DROP_CONSTRAINT
	columnList: 		
		org.cratedb.sql.parser.parser.ResultColumnList@663e89c3

		[0]:		
		org.cratedb.sql.parser.parser.ResultColumn@13c695a6
		exposedName: c2
		name: c2
		tableName: null
		isDefaultColumn: false
		type: null