org.cratedb.sql.parser.parser.DeleteNode@29b6c909
statementType: DELETE
resultSet: 	
	org.cratedb.sql.parser.parser.SelectNode@1f488344
	isDistinct: false
	fromList: 		
		org.cratedb.sql.parser.parser.FromList@51a1f567

		[0]:		
		org.cratedb.sql.parser.parser.FromBaseTable@5ff6670f
		tableName: t
		updateOrDelete: DELETE
		null
		correlation Name: null
		null
	whereClause: 		
		org.cratedb.sql.parser.parser.InListOperatorNode@29e83b01
		operator: IN
		methodName: in
		type: null
		leftOperand: 			
			org.cratedb.sql.parser.parser.RowConstructorNode@4d79d425
			depth: 0
		rightOperandList: 			
			org.cratedb.sql.parser.parser.RowConstructorNode@7956f0df
			depth: 1
targetTableName: 	
	org.cratedb.sql.parser.parser.TableName@74
	t