org.cratedb.sql.parser.parser.CursorNode@1ffb3754
name: null
updateMode: UNSPECIFIED
statementType: SELECT
resultSet: 	
	org.cratedb.sql.parser.parser.SelectNode@25ed7c33
	isDistinct: false
	resultColumns: 		
		org.cratedb.sql.parser.parser.ResultColumnList@a750bb9

		[0]:		
		org.cratedb.sql.parser.parser.ResultColumn@a54a40c
		exposedName: null
		name: null
		tableName: null
		isDefaultColumn: false
		type: null
		expression: 			
			org.cratedb.sql.parser.parser.GroupConcatNode@3ade1520
			aggregateName: GROUP_CONCAT
			operator: null
			methodName: null
			type: null
			
			separator: x
			orderyByList: null
			operand: 				
				org.cratedb.sql.parser.parser.JavaToSQLValueNode@4a3d0611
				type: null
				javaNode: 					
					org.cratedb.sql.parser.parser.NewInvocationNode@6c596c2a
					methodName: concat
					methodParms[0] :						
						org.cratedb.sql.parser.parser.SQLToJavaValueNode@62cc70f8

						value: 							
							org.cratedb.sql.parser.parser.ColumnReference@5c0cdc74
							columnName: c1
							tableName: null
							type: null
					methodParms[1] :						
						org.cratedb.sql.parser.parser.SQLToJavaValueNode@505d72e2

						value: 							
							org.cratedb.sql.parser.parser.ColumnReference@27217ca6
							columnName: c2
							tableName: null
							type: null
					methodParms[2] :						
						org.cratedb.sql.parser.parser.SQLToJavaValueNode@77e8a5c

						value: 							
							org.cratedb.sql.parser.parser.ColumnReference@4ada1dc
							columnName: c3
							tableName: null
							type: null
	fromList: 		
		org.cratedb.sql.parser.parser.FromList@235d74ea

		[0]:		
		org.cratedb.sql.parser.parser.FromBaseTable@4ca6c0c9
		tableName: t
		updateOrDelete: null
		null
		correlation Name: null
		null