org.cratedb.sql.parser.parser.InsertNode@3abc8e1e
statementType: INSERT
resultSet: 	
	org.cratedb.sql.parser.parser.SelectNode@3f829e6f
	isDistinct: false
	resultColumns: 		
		org.cratedb.sql.parser.parser.ResultColumnList@186fa9fc

		[0]:		
		org.cratedb.sql.parser.parser.ResultColumn@4b00ebec
		exposedName: x
		name: x
		tableName: null
		isDefaultColumn: false
		type: null
		expression: 			
			org.cratedb.sql.parser.parser.ColumnReference@2980f96c
			columnName: x
			tableName: null
			type: null
		[1]:		
		org.cratedb.sql.parser.parser.ResultColumn@527736bd
		exposedName: y
		name: y
		tableName: null
		isDefaultColumn: false
		type: null
		expression: 			
			org.cratedb.sql.parser.parser.ColumnReference@10aadc97
			columnName: y
			tableName: null
			type: null
		[2]:		
		org.cratedb.sql.parser.parser.ResultColumn@4178460d
		exposedName: z
		name: z
		tableName: null
		isDefaultColumn: false
		type: null
		expression: 			
			org.cratedb.sql.parser.parser.ColumnReference@3f3f210f
			columnName: z
			tableName: null
			type: null
	fromList: 		
		org.cratedb.sql.parser.parser.FromList@49938039

		[0]:		
		org.cratedb.sql.parser.parser.FromBaseTable@72c743eb
		tableName: t
		updateOrDelete: null
		null
		correlation Name: null
		null
targetTableName: 	
	org.cratedb.sql.parser.parser.TableName@e3d
	t1