org.cratedb.sql.parser.parser.CursorNode@682bc3f5
name: null
updateMode: UNSPECIFIED
statementType: SELECT
resultSet: 	
	org.cratedb.sql.parser.parser.SelectNode@114e3f41
	isDistinct: false
	resultColumns: 		
		org.cratedb.sql.parser.parser.ResultColumnList@281acd47

		[0]:		
		org.cratedb.sql.parser.parser.ResultColumn@779b04e2
		exposedName: null
		name: null
		tableName: null
		isDefaultColumn: false
		type: null
		expression: 			
			org.cratedb.sql.parser.parser.BinaryArithmeticOperatorNode@625dcec6
			operator: mod
			methodName: mod
			type: null
			leftOperand: 				
				org.cratedb.sql.parser.parser.ColumnReference@7cb25b9d
				columnName: x
				tableName: null
				type: null
			rightOperand: 				
				org.cratedb.sql.parser.parser.ColumnReference@219ce060
				columnName: y
				tableName: null
				type: null
	fromList: 		
		org.cratedb.sql.parser.parser.FromList@424ecfdd

		[0]:		
		org.cratedb.sql.parser.parser.FromBaseTable@4430d82d
		tableName: ints
		updateOrDelete: null
		null
		correlation Name: null
		null