org.cratedb.sql.parser.parser.CursorNode@424ecfdd
name: null
updateMode: UNSPECIFIED
statementType: SELECT
resultSet: 	
	org.cratedb.sql.parser.parser.SelectNode@4430d82d
	isDistinct: false
	resultColumns: 		
		org.cratedb.sql.parser.parser.ResultColumnList@62c09554

		[0]:		
		org.cratedb.sql.parser.parser.ResultColumn@518bf072
		exposedName: null
		name: null
		tableName: null
		isDefaultColumn: false
		type: null
		expression: 			
			org.cratedb.sql.parser.parser.JavaToSQLValueNode@3a56f631
			type: null
			javaNode: 				
				org.cratedb.sql.parser.parser.StaticMethodCallNode@233d28e3
				javaClassName: null
				methodName: concat
				methodParms[0] :					
					org.cratedb.sql.parser.parser.SQLToJavaValueNode@4476128

					value: 						
						org.cratedb.sql.parser.parser.CharConstantNode@6a3b8b49
						value: hello 
						type: CHAR(6) NOT NULL
				methodParms[1] :					
					org.cratedb.sql.parser.parser.SQLToJavaValueNode@6b359c1b

					value: 						
						org.cratedb.sql.parser.parser.ColumnReference@c9be79a
						columnName: x
						tableName: null
						type: null
	fromList: 		
		org.cratedb.sql.parser.parser.FromList@4f8235ed

		[0]:		
		org.cratedb.sql.parser.parser.FromBaseTable@6da28362
		tableName: names
		updateOrDelete: null
		null
		correlation Name: null
		null