org.cratedb.sql.parser.parser.CursorNode@789934d4
name: null
updateMode: UNSPECIFIED
statementType: SELECT
resultSet: 	
	org.cratedb.sql.parser.parser.SelectNode@125b8827
	isDistinct: false
	resultColumns: 		
		org.cratedb.sql.parser.parser.ResultColumnList@3747c1db

		[0]:		
		org.cratedb.sql.parser.parser.ResultColumn@48082d37
		exposedName: a
		name: a
		tableName: null
		isDefaultColumn: false
		type: null
		expression: 			
			org.cratedb.sql.parser.parser.ColumnReference@10d09ad3
			columnName: a
			tableName: null
			type: null
		[1]:		
		org.cratedb.sql.parser.parser.ResultColumn@6f649b44
		exposedName: b
		name: b
		tableName: null
		isDefaultColumn: false
		type: null
		expression: 			
			org.cratedb.sql.parser.parser.ColumnReference@360dc67e
			columnName: b
			tableName: null
			type: null
		[2]:		
		org.cratedb.sql.parser.parser.ResultColumn@426295eb
		exposedName: c
		name: c
		tableName: null
		isDefaultColumn: false
		type: null
		expression: 			
			org.cratedb.sql.parser.parser.ColumnReference@56609959
			columnName: c
			tableName: null
			type: null
	fromList: 		
		org.cratedb.sql.parser.parser.FromList@5ff3ce5c

		[0]:		
		org.cratedb.sql.parser.parser.JoinNode@7f712b3a
		nestedInParens: false
		correlation Name: null
		null
		leftResultSet: 			
			org.cratedb.sql.parser.parser.JoinNode@5ecd2e33
			nestedInParens: false
			correlation Name: null
			null
			leftResultSet: 				
				org.cratedb.sql.parser.parser.FromBaseTable@709446e4
				tableName: t1
				updateOrDelete: null
				null
				correlation Name: null
				null
			rightResultSet: 				
				org.cratedb.sql.parser.parser.FromBaseTable@16ba5c7a
				tableName: t2
				updateOrDelete: null
				null
				correlation Name: null
				null
			joinClause: 				
				org.cratedb.sql.parser.parser.BinaryRelationalOperatorNode@250d593e
				operator: =
				methodName: equals
				type: null
				leftOperand: 					
					org.cratedb.sql.parser.parser.ColumnReference@f5e0873
					columnName: id
					tableName: t1
					type: null
				rightOperand: 					
					org.cratedb.sql.parser.parser.ColumnReference@667cbde6
					columnName: pid
					tableName: t2
					type: null
		rightResultSet: 			
			org.cratedb.sql.parser.parser.FromBaseTable@7977b9b
			tableName: t3
			updateOrDelete: null
			null
			correlation Name: null
			null
		joinClause: 			
			org.cratedb.sql.parser.parser.BinaryRelationalOperatorNode@6a340101
			operator: =
			methodName: equals
			type: null
			leftOperand: 				
				org.cratedb.sql.parser.parser.ColumnReference@7c2e1f1f
				columnName: id
				tableName: p2
				type: null
			rightOperand: 				
				org.cratedb.sql.parser.parser.ColumnReference@37fd6bea
				columnName: pid
				tableName: t3
				type: null