org.cratedb.sql.parser.parser.CursorNode@77d2b01b
name: null
updateMode: UNSPECIFIED
statementType: SELECT
resultSet: 	
	org.cratedb.sql.parser.parser.SelectNode@2927fa12
	isDistinct: false
	resultColumns: 		
		org.cratedb.sql.parser.parser.ResultColumnList@7f92c8d9

		[0]:		
		org.cratedb.sql.parser.parser.AllResultColumn@7dc05ffd
		tableName: null
		exposedName: null
		name: null
		tableName: null
		isDefaultColumn: false
		type: null
	fromList: 		
		org.cratedb.sql.parser.parser.FromList@60de1b8a

		[0]:		
		org.cratedb.sql.parser.parser.JoinNode@15e232b5
		joinOrderStrategyProperties: {STRAIGHT=TRUE}
		nestedInParens: false
		correlation Name: null
		null
		leftResultSet: 			
			org.cratedb.sql.parser.parser.FromBaseTable@356f144c
			tableName: t1
			updateOrDelete: null
			null
			correlation Name: null
			null
		rightResultSet: 			
			org.cratedb.sql.parser.parser.FromBaseTable@f9da4fc
			tableName: t2
			updateOrDelete: null
			null
			correlation Name: null
			null
		joinClause: 			
			org.cratedb.sql.parser.parser.BinaryRelationalOperatorNode@36baa466
			operator: =
			methodName: equals
			type: null
			leftOperand: 				
				org.cratedb.sql.parser.parser.ColumnReference@177f409c
				columnName: id
				tableName: t1
				type: null
			rightOperand: 				
				org.cratedb.sql.parser.parser.ColumnReference@236acdd1
				columnName: id
				tableName: t2
				type: null