org.cratedb.sql.parser.parser.CursorNode@3d0bbf9e
name: null
updateMode: UNSPECIFIED
statementType: SELECT
resultSet: 	
	org.cratedb.sql.parser.parser.SelectNode@4e513d61
	isDistinct: false
	resultColumns: 		
		org.cratedb.sql.parser.parser.ResultColumnList@3794d372

		[0]:		
		org.cratedb.sql.parser.parser.AllResultColumn@bc5fde0
		tableName: null
		exposedName: null
		name: null
		tableName: null
		isDefaultColumn: false
		type: null
	fromList: 		
		org.cratedb.sql.parser.parser.FromList@739e8329

		[0]:		
		org.cratedb.sql.parser.parser.FromBaseTable@2bb5340c
		tableName: t1
		updateOrDelete: null
		null
		correlation Name: null
		null
		[1]:		
		org.cratedb.sql.parser.parser.HalfOuterJoinNode@56c163f
		rightOuterJoin: false
		naturalJoin: true
		nestedInParens: false
		correlation Name: null
		null
		leftResultSet: 			
			org.cratedb.sql.parser.parser.FromBaseTable@7b2884e0
			tableName: t2
			updateOrDelete: null
			null
			correlation Name: null
			null
		rightResultSet: 			
			org.cratedb.sql.parser.parser.JoinNode@212bcd4b
			nestedInParens: false
			correlation Name: null
			null
			leftResultSet: 				
				org.cratedb.sql.parser.parser.FromBaseTable@42b307f0
				tableName: t3
				updateOrDelete: null
				null
				correlation Name: null
				null
			rightResultSet: 				
				org.cratedb.sql.parser.parser.FromBaseTable@77ce3fc5
				tableName: t4
				updateOrDelete: null
				null
				correlation Name: null
				null