org.cratedb.sql.parser.parser.CursorNode@361344a8
name: null
updateMode: UNSPECIFIED
statementType: SELECT
resultSet: 	
	org.cratedb.sql.parser.parser.SelectNode@2b008d54
	isDistinct: false
	resultColumns: 		
		org.cratedb.sql.parser.parser.ResultColumnList@313e9bda

		[0]:		
		org.cratedb.sql.parser.parser.AllResultColumn@56a1e78
		tableName: null
		exposedName: null
		name: null
		tableName: null
		isDefaultColumn: false
		type: null
	fromList: 		
		org.cratedb.sql.parser.parser.FromList@79f65b0e

		[0]:		
		org.cratedb.sql.parser.parser.FullOuterJoinNode@1cd432b0
		nestedInParens: false
		correlation Name: null
		null
		leftResultSet: 			
			org.cratedb.sql.parser.parser.FromBaseTable@2f4bcf99
			tableName: t1
			updateOrDelete: null
			null
			correlation Name: null
			null
		rightResultSet: 			
			org.cratedb.sql.parser.parser.FromBaseTable@1a2a5e11
			tableName: t2
			updateOrDelete: null
			null
			correlation Name: null
			null
		joinClause: 			
			org.cratedb.sql.parser.parser.BinaryRelationalOperatorNode@5385bb82
			operator: =
			methodName: equals
			type: null
			leftOperand: 				
				org.cratedb.sql.parser.parser.ColumnReference@70d97ea4
				columnName: x
				tableName: t1
				type: null
			rightOperand: 				
				org.cratedb.sql.parser.parser.ColumnReference@57097add
				columnName: x
				tableName: t2
				type: null