org.cratedb.sql.parser.parser.UpdateNode@7e78fc6
statementType: UPDATE
resultSet: 	
	org.cratedb.sql.parser.parser.SelectNode@73901437
	isDistinct: false
	resultColumns: 		
		org.cratedb.sql.parser.parser.ResultColumnList@781f6226

		[0]:		
		org.cratedb.sql.parser.parser.ResultColumn@5464ea66
		exposedName: f
		name: f
		tableName: null
		isDefaultColumn: false
		type: null
		expression: 			
			org.cratedb.sql.parser.parser.BinaryArithmeticOperatorNode@2d58f9d3
			operator: +
			methodName: plus
			type: null
			leftOperand: 				
				org.cratedb.sql.parser.parser.ColumnReference@2c79a2e7
				columnName: f
				tableName: null
				type: null
			rightOperand: 				
				org.cratedb.sql.parser.parser.NumericConstantNode@65b60280
				value: 1
				type: INTEGER NOT NULL
		reference: 			
			org.cratedb.sql.parser.parser.ColumnReference@105e55ab
			columnName: f
			tableName: null
			type: null
		[1]:		
		org.cratedb.sql.parser.parser.ResultColumn@214a55f2
		exposedName: g
		name: g
		tableName: null
		isDefaultColumn: false
		type: null
		expression: 			
			org.cratedb.sql.parser.parser.NumericConstantNode@175093f1
			value: 2
			type: INTEGER NOT NULL
		reference: 			
			org.cratedb.sql.parser.parser.ColumnReference@2b20bf2c
			columnName: g
			tableName: null
			type: null
	fromList: 		
		org.cratedb.sql.parser.parser.FromList@72e6f7d2

		[0]:		
		org.cratedb.sql.parser.parser.FromBaseTable@199836ed
		tableName: t
		updateOrDelete: UPDATE
		null
		correlation Name: null
		null
	whereClause: 		
		org.cratedb.sql.parser.parser.BinaryRelationalOperatorNode@583e0ebb
		operator: >
		methodName: greaterThan
		type: null
		leftOperand: 			
			org.cratedb.sql.parser.parser.ColumnReference@5239443f
			columnName: x
			tableName: null
			type: null
		rightOperand: 			
			org.cratedb.sql.parser.parser.NumericConstantNode@2dafae45
			value: 10
			type: INTEGER NOT NULL
targetTableName: 	
	org.cratedb.sql.parser.parser.TableName@54
	t