org.cratedb.sql.parser.parser.UpdateNode@5e2b323e
statementType: UPDATE
resultSet: 	
	org.cratedb.sql.parser.parser.SelectNode@65efb4be
	isDistinct: false
	resultColumns: 		
		org.cratedb.sql.parser.parser.ResultColumnList@5c435a3a

		[0]:		
		org.cratedb.sql.parser.parser.ResultColumn@49d8c528
		exposedName: g
		name: g
		tableName: null
		isDefaultColumn: false
		type: null
		expression: 			
			org.cratedb.sql.parser.parser.BinaryArithmeticOperatorNode@3677eaf8
			operator: *
			methodName: times
			type: null
			leftOperand: 				
				org.cratedb.sql.parser.parser.ColumnReference@7ae35bb7
				columnName: x
				tableName: null
				type: null
			rightOperand: 				
				org.cratedb.sql.parser.parser.NumericConstantNode@649a8a68
				value: 2
				type: INTEGER NOT NULL
		reference: 			
			org.cratedb.sql.parser.parser.ColumnReference@5df4e571
			columnName: g
			tableName: null
			type: null
		[1]:		
		org.cratedb.sql.parser.parser.ResultColumn@79038de7
		exposedName: f
		name: f
		tableName: null
		isDefaultColumn: false
		type: null
		expression: 			
			org.cratedb.sql.parser.parser.NumericConstantNode@585976c2
			value: 1
			type: INTEGER NOT NULL
		reference: 			
			org.cratedb.sql.parser.parser.ColumnReference@5983e7de
			columnName: f
			tableName: null
			type: null
	fromList: 		
		org.cratedb.sql.parser.parser.FromList@62ebcdbb

		[0]:		
		org.cratedb.sql.parser.parser.CurrentOfNode@670fe2b9
		preparedStatement: t1
		correlation Name: null
		null
		cursor: targetTableName: 	
	org.cratedb.sql.parser.parser.TableName@e3d
	t1
returningList: 	
	org.cratedb.sql.parser.parser.ResultColumnList@43ee148b

	[0]:	
	org.cratedb.sql.parser.parser.ResultColumn@4386d484
	exposedName: g
	name: g
	tableName: null
	isDefaultColumn: false
	type: null
	expression: 		
		org.cratedb.sql.parser.parser.ColumnReference@48ea48be
		columnName: g
		tableName: null
		type: null
	[1]:	
	org.cratedb.sql.parser.parser.ResultColumn@d4dd758
	exposedName: f
	name: f
	tableName: null
	isDefaultColumn: false
	type: null
	expression: 		
		org.cratedb.sql.parser.parser.ColumnReference@7174d93a
		columnName: f
		tableName: null
		type: null